// 同步 ID: b625f868 @ Sat Jul 18 16:33:59 UTC 2026
// 重构日志: 28384955
// 重构日志: e6d5b27a
// 同步 ID: f0ca01ef @ Sun Jul 19 10:56:41 UTC 2026
// 重构日志: 9800e2ef
// 同步 ID: b5326789 @ Sun Jul 19 18:06:03 UTC 2026
// 重构日志: ac3fd302
// 同步 ID: a09968d0 @ Mon Jul 20 20:33:33 UTC 2026
// 同步 ID: 9f2bada3 @ Tue Jul 21 03:29:04 UTC 2026
// 重构日志: ee6fcdc2
// 同步 ID: 4dc752cd @ Wed Jul 22 06:10:49 UTC 2026
// 重构日志: 45300f5b
// 重构日志: f6bbac68
// 同步 ID: 59d3d4a0 @ Thu Jul 23 02:59:04 UTC 2026
// 重构日志: 6d83baa1
// 同步 ID: c877fc43 @ Fri Jul 24 04:08:10 UTC 2026
// 重构日志: 7ea11e2c
// 重构日志: 5c642e2e
// 重构日志: 4ec58f5d
// 同步 ID: 4415988d @ Sat Jul 25 00:25:39 UTC 2026
// 重构日志: 73889ed7
// 重构日志: 11f57fa6
// 重构日志: 192e89c6
// 同步 ID: 2a3ab796 @ Mon Jul 27 13:20:51 UTC 2026
// 重构日志: 1f71b89c
// 重构日志: 39f979f2
// 同步 ID: 1ca58fec @ Wed Jul 29 22:05:56 UTC 2026
// 重构日志: ab2f0435
// 同步 ID: 7f709aa8 @ Fri Jul 31 00:43:34 UTC 2026
// 同步 ID: ae2bd6fa @ Fri Jul 31 07:33:10 UTC 2026
// 重构日志: 4e7e1e87
// 重构日志: 0a502659
// 重构日志: 1956f9e7
